// Jest Snapshot v1, https://goo.gl/fbAQLP

exports[`day test  day  1`] = `"<td data-testid=\\"day-1\\" data-fadate=\\"1397/10/01\\" class=\\"sc-htoDjs lHzan\\">1</td><td data-testid=\\"day-2\\" data-fadate=\\"1397/10/02\\" class=\\"sc-htoDjs lHzan\\">2</td><td data-testid=\\"day-3\\" data-fadate=\\"1397/10/03\\" class=\\"sc-htoDjs lHzan\\">3</td><td data-testid=\\"day-4\\" data-fadate=\\"1397/10/04\\" class=\\"sc-htoDjs lHzan\\">4</td><td data-testid=\\"day-5\\" data-fadate=\\"1397/10/05\\" class=\\"sc-htoDjs lHzan\\">5</td><td data-testid=\\"day-6\\" data-fadate=\\"1397/10/06\\" class=\\"sc-htoDjs lHzan\\">6</td><td data-testid=\\"day-7\\" data-fadate=\\"1397/10/07\\" class=\\"sc-htoDjs lHzan\\">7</td>"`;
